[backblue.gif]
[fade.gif]
[index.html]
[my.malloc.us/silverspring/xmlrpc.php]
[my.malloc.us/silverspring/wp-content/mu-plugins/anarchy_media/anarchy_media_player6526.php]
[my.malloc.us/silverspring/wp-content/mu-plugins/audio-player/audio-player.js]
[my.malloc.us/wp-includes/images/adminbar.png]
[my.malloc.us/silverspring/wp-content/plugins/ig_syntax_hilite/js/syntax_hilite_js.js]
[my.malloc.us/silverspring/files/2009/09/snowy_rip.jpg]
[my.malloc.us/silverspring/files/2009/09/snowy_rip-300x225.jpg]
[my.malloc.us/silverspring/wp-content/plugins/firestats/img/firestats-icon-small.png]
[my.malloc.us/silverspring/index.html]
[my.malloc.us/silverspring/wp-content/themes/japanese-bonzai-10/images/bg.gif]
[my.malloc.us/silverspring/wp-content/themes/japanese-bonzai-10/images/top.jpg]
[my.malloc.us/silverspring/wp-content/themes/japanese-bonzai-10/images/bullet.gif]
[my.malloc.us/silverspring/wp-content/themes/japanese-bonzai-10/style.css]
[my.malloc.us/silverspring/feed/index.html]
[my.malloc.us/silverspring/xmlrpc0db0.php]
[my.malloc.us/silverspring/wp-content/mu-plugins/wp-recaptcha/email.png]
[my.malloc.us/silverspring/wp-content/mu-plugins/wp-recaptcha/recaptcha.css]
[my.malloc.us/silverspring/wp-content/plugins/ig_syntax_hilite/css/syntax_hilite_css.css]
[my.malloc.us/silverspring/2010/10/sborps-random-fact-10/index.html]
[my.malloc.us/silverspring/2010/10/sborps-random-fact-10/index.html]
[my.malloc.us/silverspring/category/random-facts/index.html]
[my.malloc.us/silverspring/category/random-facts/index.html]
[my.malloc.us/silverspring/2010/10/sborps-random-fact-09/index.html]
[my.malloc.us/silverspring/2010/10/sborps-random-fact-09/index.html]
[my.malloc.us/silverspring/2009/11/sborps-random-fact-08/index.html]
[my.malloc.us/silverspring/2009/11/sborps-random-fact-08/index.html]
[my.malloc.us/silverspring/2009/11/sborps-random-fact-07/index.html]
[my.malloc.us/silverspring/2009/11/sborps-random-fact-07/index.html]
[my.malloc.us/silverspring/2009/09/in-memoriam/index.html]
[my.malloc.us/silverspring/wp-includes/images/smilies/icon_sad.gif]
[my.malloc.us/silverspring/2009/09/in-memoriam/index.html]
[my.malloc.us/silverspring/category/uncategorized/index.html]
[my.malloc.us/silverspring/wp-includes/images/smilies/icon_wink.gif]
[my.malloc.us/silverspring/category/uncategorized/index.html]
[my.malloc.us/silverspring/2009/07/why-eggsploit-is-random/index.html]
[my.malloc.us/silverspring/2009/07/why-eggsploit-is-random/index.html]
[my.malloc.us/silverspring/2009/05/sborps-random-fact-06/index.html]
[my.malloc.us/silverspring/2009/05/sborps-random-fact-06/index.html]
[my.malloc.us/silverspring/2009/05/blog-update/index.html]
[my.malloc.us/silverspring/wp-includes/images/smilies/icon_smile.gif]
[my.malloc.us/silverspring/wp-includes/images/smilies/icon_razz.gif]
[my.malloc.us/silverspring/2009/05/blog-update/index.html]
[my.malloc.us/silverspring/2009/01/prx-decryption-nids/index.html]
[my.malloc.us/silverspring/2009/01/prx-decryption-nids/index.html]
[my.malloc.us/silverspring/category/nids/index.html]
[my.malloc.us/silverspring/category/nids/index.html]
[my.malloc.us/silverspring/2008/12/another-nid-update-again/index.html]
[my.malloc.us/silverspring/2008/12/another-nid-update-again/index.html]
[my.malloc.us/silverspring/2008/12/another-nid-update/index.html]
[my.malloc.us/silverspring/2008/12/another-nid-update/index.html]
[my.malloc.us/silverspring/2008/12/nid-update/index.html]
[my.malloc.us/silverspring/2008/12/nid-update/index.html]
[my.malloc.us/silverspring/2008/10/utilities/index.html]
[my.malloc.us/silverspring/2008/10/utilities/index.html]
[my.malloc.us/silverspring/2008/10/more-more-more/index.html]
[my.malloc.us/silverspring/2008/10/more-more-more/index.html]
[my.malloc.us/silverspring/2008/10/marlin-drm-platform-new-nids/index.html]
[my.malloc.us/silverspring/2008/10/marlin-drm-platform-new-nids/index.html]
[my.malloc.us/silverspring/2008/08/16/sborps-random-fact-04/index.html]
[my.malloc.us/silverspring/2008/08/16/sborps-random-fact-04/index.html]
[my.malloc.us/silverspring/2008/10/usb-host/index.html]
[my.malloc.us/silverspring/2008/10/usb-host/index.html]
[my.malloc.us/silverspring/2008/10/another-large-bunch-of-new-nids/index.html]
[my.malloc.us/silverspring/2008/10/another-large-bunch-of-new-nids/index.html]
[my.malloc.us/silverspring/2007/11/16/the-psp-slim-couldve-been-a-gamers-dream-handheld/index.html]
[my.malloc.us/silverspring/2007/11/16/the-psp-slim-couldve-been-a-gamers-dream-handheld/index.html]
[my.malloc.us/silverspring/2008/09/sborps-random-fact-05/index.html]
[my.malloc.us/silverspring/2008/09/sborps-random-fact-05/index.html]
[my.malloc.us/silverspring/2008/09/paf-nids/index.html]
[my.malloc.us/silverspring/2008/09/paf-nids/index.html]
[my.malloc.us/silverspring/2008/08/psp-libdoc-update-2/index.html]
[my.malloc.us/silverspring/wp-includes/images/smilies/icon_lol.gif]
[my.malloc.us/silverspring/2008/08/psp-libdoc-update-2/index.html]
[my.malloc.us/silverspring/page/2/index.html]
[my.malloc.us/silverspring/page/2/index.html]
[my.malloc.us/silverspring/about/index.html]
[my.malloc.us/silverspring/about/index.html]
[my.malloc.us/silverspring/kirk-crypto-engine/index.html]
[my.malloc.us/silverspring/kirk-crypto-engine/index.html]
[my.malloc.us/silverspring/motherboard-ics/index.html]
[my.malloc.us/silverspring/files/2009/05/ta-079.jpg]
[my.malloc.us/silverspring/files/2009/05/ta-079-300x225.jpg]
[my.malloc.us/silverspring/motherboard-ics/index.html]
[my.malloc.us/silverspring/nid-explained/index.html]
[my.malloc.us/silverspring/nid-explained/index.html]
[my.malloc.us/silverspring/pandora-exploit/index.html]
[my.malloc.us/silverspring/pandora-exploit/index.html]
[my.malloc.us/silverspring/psp-glossary/index.html]
[my.malloc.us/silverspring/psp-glossary/index.html]
[my.malloc.us/silverspring/spock-crypto-engine/index.html]
[my.malloc.us/silverspring/spock-crypto-engine/index.html]
[my.malloc.us/silverspring/category/code-snippets/index.html]
[my.malloc.us/silverspring/files/2007/10/ipl-decrypt-sample.rar]
[my.malloc.us/silverspring/category/code-snippets/index.html]
[my.malloc.us/silverspring/category/misc/index.html]
[my.malloc.us/silverspring/category/misc/index.html]
[my.malloc.us/silverspring/category/tech-docs/index.html]
[my.malloc.us/silverspring/category/tech-docs/index.html]
[my.malloc.us/silverspring/2008/08/sborps-random-fact-04/comment-page-1/index.html]
[my.malloc.us/silverspring/2008/08/sborps-random-fact-04/comment-page-1/index.html]
[my.malloc.us/silverspring/2009/11/sborps-random-fact-07/comment-page-1/index.html]
[my.malloc.us/silverspring/2009/11/sborps-random-fact-07/comment-page-1/index.html]
[my.malloc.us/silverspring/2009/11/sborps-random-fact-08/comment-page-1/index.html]
[my.malloc.us/silverspring/2009/11/sborps-random-fact-08/comment-page-1/index.html]
[my.malloc.us/silverspring/2010/10/index.html]
[my.malloc.us/silverspring/2010/10/index.html]
[my.malloc.us/silverspring/2009/11/index.html]
[my.malloc.us/silverspring/2009/11/index.html]
[my.malloc.us/silverspring/2009/09/index.html]
[my.malloc.us/silverspring/2009/09/index.html]
[my.malloc.us/silverspring/2009/07/index.html]
[my.malloc.us/silverspring/2009/07/index.html]
[my.malloc.us/silverspring/2009/05/index.html]
[my.malloc.us/silverspring/2009/05/index.html]
[my.malloc.us/silverspring/2009/01/index.html]
[my.malloc.us/silverspring/2009/01/index.html]
[my.malloc.us/silverspring/2008/12/index.html]
[my.malloc.us/silverspring/2008/12/index.html]
[my.malloc.us/silverspring/2008/10/index.html]
[my.malloc.us/silverspring/2008/10/index.html]
[my.malloc.us/silverspring/2008/09/index.html]
[my.malloc.us/silverspring/2008/09/index.html]
[my.malloc.us/silverspring/2008/08/index.html]
[my.malloc.us/silverspring/2008/08/index.html]
[my.malloc.us/silverspring/2008/07/index.html]
[my.malloc.us/silverspring/2008/07/index.html]
[my.malloc.us/silverspring/2008/06/index.html]
[my.malloc.us/silverspring/2008/06/index.html]
[my.malloc.us/silverspring/2008/05/index.html]
[my.malloc.us/silverspring/2008/05/index.html]
[my.malloc.us/silverspring/2008/04/index.html]
[my.malloc.us/silverspring/2008/02/index.html]
[my.malloc.us/silverspring/2008/01/index.html]
[my.malloc.us/silverspring/2007/12/index.html]
[my.malloc.us/silverspring/2007/11/index.html]
[my.malloc.us/silverspring/2007/10/index.html]
[my.malloc.us/silverspring/wp-includes/wlwmanifest.xml]
[my.malloc.us/silverspring/2010/10/sborps-random-fact-10/feed/index.html]
[my.malloc.us/silverspring/2007/10/hello-world/index.html]
[my.malloc.us/silverspring/index17d5.html]
[my.malloc.us/silverspring/category/random-facts/feed/index.html]
[my.malloc.us/silverspring/2008/08/sborps-random-fact-04/index.html]
[my.malloc.us/silverspring/2008/04/sborps-random-fact-03/index.html]
[my.malloc.us/silverspring/2008/02/sborps-random-fact-02/index.html]
[my.malloc.us/silverspring/2008/02/sborps-random-fact-01/index.html]
[my.malloc.us/silverspring/2010/10/sborps-random-fact-09/feed/index.html]
[my.malloc.us/silverspring/indexb950.html]
[my.malloc.us/silverspring/2009/11/sborps-random-fact-08/feed/index.html]
[my.malloc.us/silverspring/indexf488.html]
[my.malloc.us/silverspring/2009/11/sborps-random-fact-07/feed/index.html]
[my.malloc.us/silverspring/indexee5b.html]
[my.malloc.us/silverspring/2009/09/in-memoriam/feed/index.html]
[my.malloc.us/silverspring/index4ab3.html]
[my.malloc.us/silverspring/category/uncategorized/feed/index.html]
[my.malloc.us/silverspring/2008/08/psp-3000-03g-a-step-closer-to-reality/index.html]
[my.malloc.us/silverspring/2008/08/clarification-of-new-ta-088-models/index.html]
[my.malloc.us/silverspring/2008/01/03g-model-psp-revisited/index.html]
[my.malloc.us/silverspring/2007/12/updater-versions/index.html]
[my.malloc.us/silverspring/2007/12/the-mind-games-sce-play/index.html]
[my.malloc.us/silverspring/2009/07/why-eggsploit-is-random/feed/index.html]
[my.malloc.us/silverspring/index2c90.html]
[my.malloc.us/silverspring/2009/05/sborps-random-fact-06/feed/index.html]
[my.malloc.us/silverspring/index5f87.html]
[my.malloc.us/silverspring/2009/05/blog-update/feed/index.html]
[my.malloc.us/silverspring/index6cf3.html]
[my.malloc.us/silverspring/2009/01/prx-decryption-nids/feed/index.html]
[my.malloc.us/silverspring/index7ef4.html]
[my.malloc.us/silverspring/category/nids/feed/index.html]
[my.malloc.us/silverspring/2008/08/nids-sce-trickery-fake-names/index.html]
[my.malloc.us/silverspring/2008/02/18/sborps-random-fact-01/index.html]
[my.malloc.us/silverspring/2008/07/some-very-significant-nids/index.html]
[my.malloc.us/silverspring/2008/07/more-nids/index.html]
[my.malloc.us/silverspring/2008/06/scehvauth_library/index.html]
[my.malloc.us/silverspring/2008/05/more-devkit-nids/index.html]
[my.malloc.us/silverspring/2008/05/last-remaining-idstorage-nid/index.html]
[my.malloc.us/silverspring/2008/05/new-395-lib-nids/index.html]
[my.malloc.us/silverspring/2008/05/psp-libdoc-update/index.html]
[my.malloc.us/silverspring/category/nids/page/2/index.html]
[my.malloc.us/silverspring/2008/12/another-nid-update-again/feed/index.html]
[my.malloc.us/silverspring/index4f61.html]
[my.malloc.us/silverspring/2008/12/another-nid-update/feed/index.html]
[my.malloc.us/silverspring/index5c36.html]
[my.malloc.us/silverspring/2008/12/nid-update/feed/index.html]
[my.malloc.us/silverspring/index0721.html]
[my.malloc.us/silverspring/2008/10/utilities/feed/index.html]
[my.malloc.us/silverspring/index4579.html]
[my.malloc.us/silverspring/2008/10/more-more-more/feed/index.html]
[my.malloc.us/silverspring/index8cf7.html]
[my.malloc.us/silverspring/2008/10/marlin-drm-platform-new-nids/feed/index.html]
[my.malloc.us/silverspring/index6aed.html]
[my.malloc.us/silverspring/2008/10/usb-host/feed/index.html]
[my.malloc.us/silverspring/index0012.html]
[my.malloc.us/silverspring/2008/10/another-large-bunch-of-new-nids/feed/index.html]
[my.malloc.us/silverspring/index94b0.html]
[my.malloc.us/silverspring/2007/11/the-psp-slim-couldve-been-a-gamers-dream-handheld/index.html]
[my.malloc.us/silverspring/2008/09/sborps-random-fact-05/feed/index.html]
[my.malloc.us/silverspring/indexcb30.html]
[my.malloc.us/silverspring/2008/09/paf-nids/feed/index.html]
[my.malloc.us/silverspring/index7ea6.html]
[my.malloc.us/silverspring/2008/08/psp-libdoc-update-2/feed/index.html]
[my.malloc.us/silverspring/index5e74.html]
[my.malloc.us/silverspring/2008/07/new-nand-flash-device-support-added/index.html]
[my.malloc.us/silverspring/2008/04/nand-set_encryption_seed-nid/index.html]
[my.malloc.us/silverspring/2008/04/umd-firmware-version-checker/index.html]
[my.malloc.us/silverspring/2008/02/sces-battery-emulator-strange-nid/index.html]
[my.malloc.us/silverspring/2008/01/more-sce-mind-games™/index.html]
[my.malloc.us/silverspring/page/3/index.html]
[my.malloc.us/silverspring/about/feed/index.html]
[my.malloc.us/silverspring/kirk-crypto-engine/feed/index.html]
[my.malloc.us/silverspring/motherboard-ics/feed/index.html]
[my.malloc.us/silverspring/nid-explained/feed/index.html]
[my.malloc.us/silverspring/pandora-exploit/feed/index.html]
[my.malloc.us/silverspring/psp-glossary/feed/index.html]
[my.malloc.us/silverspring/spock-crypto-engine/feed/index.html]
[my.malloc.us/silverspring/category/code-snippets/feed/index.html]
[my.malloc.us/silverspring/2007/12/380-and-pandora/index.html]
[my.malloc.us/silverspring/2007/11/idstorage-keys-0x0004-0x0008-generating-hash/index.html]
[my.malloc.us/silverspring/2007/10/ipl-decrypt-sample-direct-hw-access/index.html]
[my.malloc.us/silverspring/category/misc/feed/index.html]
[my.malloc.us/silverspring/category/tech-docs/feed/index.html]
[my.malloc.us/silverspring/2007/11/the-new-psp-tech-docs-article01/index.html]
[my.malloc.us/silverspring/2007/11/the-new-psp-tech-docs-article01/index.html]
[my.malloc.us/silverspring/2007/11/the-new-psp-technical-docs/index.html]
[my.malloc.us/silverspring/2008/08/sborps-random-fact-04/feed/index.html]
[my.malloc.us/silverspring/index49b1.html]
[my.malloc.us/silverspring/index49b1.html]
[my.malloc.us/silverspring/2007/12/03g-model-psp/index.html]
[my.malloc.us/silverspring/2007/12/03g-model-psp/index.html]
[my.malloc.us/silverspring/2007/11/finally/index.html]
[my.malloc.us/silverspring/2007/11/finally/index.html]
[my.malloc.us/silverspring/2007/10/hello-world/feed/index.html]
[my.malloc.us/silverspring/indexcff1.html]
[my.malloc.us/silverspring/indexcff1.html]
[my.malloc.us/silverspring/2007/10/hello-world/trackback/index.html]
[my.malloc.us/silverspring/2007/10/hello-world/trackback/index.html]
[my.malloc.us/silverspring/2008/04/sborps-random-fact-03/feed/index.html]
[my.malloc.us/silverspring/index5643.html]
[my.malloc.us/silverspring/index5643.html]
[my.malloc.us/silverspring/2008/02/sborps-random-fact-02/feed/index.html]
[my.malloc.us/silverspring/index88b9.html]
[my.malloc.us/silverspring/index88b9.html]
[my.malloc.us/silverspring/2008/02/sborps-random-fact-01/feed/index.html]
[my.malloc.us/silverspring/index970c.html]
[my.malloc.us/silverspring/index970c.html]
[my.malloc.us/silverspring/2008/08/psp-3000-03g-a-step-closer-to-reality/feed/index.html]
[my.malloc.us/silverspring/index4170.html]
[my.malloc.us/silverspring/index4170.html]
[my.malloc.us/silverspring/2008/08/clarification-of-new-ta-088-models/feed/index.html]
[my.malloc.us/silverspring/indexcbb6.html]
[my.malloc.us/silverspring/indexcbb6.html]
[my.malloc.us/silverspring/2008/01/03g-model-psp-revisited/feed/index.html]
[my.malloc.us/silverspring/index0345.html]
[my.malloc.us/silverspring/index0345.html]
[my.malloc.us/silverspring/2007/12/updater-versions/feed/index.html]
[my.malloc.us/silverspring/index5831.html]
[my.malloc.us/silverspring/index5831.html]
[my.malloc.us/silverspring/2007/12/the-mind-games-sce-play/feed/index.html]
[my.malloc.us/silverspring/index0735.html]
[my.malloc.us/silverspring/index0735.html]
[my.malloc.us/silverspring/2008/08/nids-sce-trickery-fake-names/feed/index.html]
[my.malloc.us/silverspring/indexfbd5.html]
[my.malloc.us/silverspring/indexfbd5.html]
[my.malloc.us/silverspring/2008/07/some-very-significant-nids/feed/index.html]
[my.malloc.us/silverspring/index3ba0.html]
[my.malloc.us/silverspring/index3ba0.html]
[my.malloc.us/silverspring/2008/07/more-nids/feed/index.html]
[my.malloc.us/silverspring/indexba52.html]
[my.malloc.us/silverspring/indexba52.html]
[my.malloc.us/silverspring/2008/06/scehvauth_library/feed/index.html]
[my.malloc.us/silverspring/index4837.html]
[my.malloc.us/silverspring/index4837.html]
[my.malloc.us/silverspring/2008/05/more-devkit-nids/feed/index.html]
[my.malloc.us/silverspring/index5c90.html]
[my.malloc.us/silverspring/index5c90.html]
[my.malloc.us/silverspring/2008/05/last-remaining-idstorage-nid/feed/index.html]
[my.malloc.us/silverspring/index1e7e.html]
[my.malloc.us/silverspring/index1e7e.html]
[my.malloc.us/silverspring/2008/05/new-395-lib-nids/feed/index.html]
[my.malloc.us/silverspring/indexdd23.html]
[my.malloc.us/silverspring/indexdd23.html]
[my.malloc.us/silverspring/2008/05/psp-libdoc-update/feed/index.html]
[my.malloc.us/silverspring/index6c46.html]
[my.malloc.us/silverspring/index6c46.html]
[my.malloc.us/silverspring/2007/11/the-psp-slim-couldve-been-a-gamers-dream-handheld/feed/index.html]
[my.malloc.us/silverspring/index0e62.html]
[my.malloc.us/silverspring/index0e62.html]
[my.malloc.us/silverspring/2008/07/new-nand-flash-device-support-added/feed/index.html]
[my.malloc.us/silverspring/indexb93f.html]
[my.malloc.us/silverspring/2008/04/nand-set_encryption_seed-nid/feed/index.html]
[my.malloc.us/silverspring/index9cd7.html]
[my.malloc.us/silverspring/2008/04/umd-firmware-version-checker/feed/index.html]
[my.malloc.us/silverspring/index3c55.html]
[my.malloc.us/silverspring/2008/02/sces-battery-emulator-strange-nid/feed/index.html]
[my.malloc.us/silverspring/index1c4a.html]
[my.malloc.us/silverspring/2008/04/02/umd-firmware-version-checker/index.html]
[my.malloc.us/silverspring/2008/01/more-sce-mind-games™/feed/index.html]
[my.malloc.us/silverspring/index40a0.html]
[my.malloc.us/silverspring/2007/12/380-and-pandora/feed/index.html]
[my.malloc.us/silverspring/index341b.html]
[my.malloc.us/silverspring/2007/11/idstorage-keys-0x0004-0x0008-generating-hash/feed/index.html]
[my.malloc.us/silverspring/index2dc4.html]
[my.malloc.us/silverspring/2007/10/ipl-decrypt-sample-direct-hw-access/feed/index.html]
[my.malloc.us/silverspring/index2207.html]
[my.malloc.us/silverspring/2007/10/ipl-decrypt-sample-direct-hw-access/trackback/index.html]
[my.malloc.us/silverspring/2007/11/the-new-psp-tech-docs-article01/feed/index.html]
[my.malloc.us/silverspring/indexd8eb.html]
[my.malloc.us/silverspring/2007/11/the-new-psp-technical-docs/feed/index.html]
[my.malloc.us/silverspring/index0b69.html]
[my.malloc.us/silverspring/2007/12/03g-model-psp/feed/index.html]
[my.malloc.us/silverspring/index3965.html]
[my.malloc.us/silverspring/2007/11/finally/feed/index.html]
[my.malloc.us/silverspring/indexa1ca.html]
